// Jest Snapshot v1, https://goo.gl/fbAQLP

exports[`Quando buscar os carros alugados na API Deve renderizar as mesmas quantidades de carros na busca 1`] = `
Array [
  <div
    className="col-lg-4 col-md-4 col-12"
  >
    <div
      className="mt-3 card"
    >
      <img
        className="card-img-top"
        src="https://picsum.photos/500/500"
        style={
          Object {
            "height": "200px",
          }
        }
      />
      <div
        className="card-body"
      >
        <small>
          #
          4
        </small>
        <div
          className="card-title h5"
        >
          Ford Docus 3.0
        </div>
        <div>
          <i
            class="fas fa-user mr-2"
          />
          <b>
            Márcio Fernandez
          </b>
        </div>
        <div>
          <i
            class="fas fa-envelope mr-2"
          />
          <i>
            marcio@fernandez.com
          </i>
        </div>
        <div>
          <i
            class="fas fa-phone mr-2"
          />
          <small>
            69 9 8105-0108
          </small>
        </div>
        <div
          className="mb-1"
        >
          <span
            className="badge badge-dark"
          >
            Reservado
          </span>
        </div>
        <div>
          <div
            aria-label="Carros Alugados Ações"
            className="btn-group btn-group-sm"
            role="group"
          >
            <button
              className="btn btn-primary"
              disabled={false}
              type="button"
            >
              Fechar
            </button>
            <button
              className="btn btn-secondary"
              disabled={false}
              type="button"
            >
              Cancelar
            </button>
          </div>
        </div>
      </div>
      <div
        className="card-footer"
      >
        <small
          className="text-muted"
        >
          Período: 30/11/2019 - 03/12/2019
        </small>
      </div>
    </div>
  </div>,
  <div
    className="col-lg-4 col-md-4 col-12"
  >
    <div
      className="mt-3 card"
    >
      <img
        className="card-img-top"
        src="https://picsum.photos/500/500"
        style={
          Object {
            "height": "200px",
          }
        }
      />
      <div
        className="card-body"
      >
        <small>
          #
          3
        </small>
        <div
          className="card-title h5"
        >
          Ford Docus 3.0
        </div>
        <div>
          <i
            class="fas fa-user mr-2"
          />
          <b>
            Márcio Fernandez
          </b>
        </div>
        <div>
          <i
            class="fas fa-envelope mr-2"
          />
          <i>
            marcio@fernandez.com
          </i>
        </div>
        <div>
          <i
            class="fas fa-phone mr-2"
          />
          <small>
            69 9 8105-0108
          </small>
        </div>
        <div
          className="mb-1"
        >
          <span
            className="badge badge-dark"
          >
            Reservado
          </span>
        </div>
        <div>
          <div
            aria-label="Carros Alugados Ações"
            className="btn-group btn-group-sm"
            role="group"
          >
            <button
              className="btn btn-primary"
              disabled={false}
              type="button"
            >
              Fechar
            </button>
            <button
              className="btn btn-secondary"
              disabled={false}
              type="button"
            >
              Cancelar
            </button>
          </div>
        </div>
      </div>
      <div
        className="card-footer"
      >
        <small
          className="text-muted"
        >
          Período: 30/11/2019 - 03/12/2019
        </small>
      </div>
    </div>
  </div>,
  <div
    className="col-lg-4 col-md-4 col-12"
  >
    <div
      className="mt-3 card"
    >
      <img
        className="card-img-top"
        src="https://picsum.photos/500/500"
        style={
          Object {
            "height": "200px",
          }
        }
      />
      <div
        className="card-body"
      >
        <small>
          #
          2
        </small>
        <div
          className="card-title h5"
        >
          Ford Docus 3.0
        </div>
        <div>
          <i
            class="fas fa-user mr-2"
          />
          <b>
            Márcio Fernandez
          </b>
        </div>
        <div>
          <i
            class="fas fa-envelope mr-2"
          />
          <i>
            marcio@fernandez.com
          </i>
        </div>
        <div>
          <i
            class="fas fa-phone mr-2"
          />
          <small>
            69 9 8105-0108
          </small>
        </div>
        <div
          className="mb-1"
        >
          <span
            className="badge badge-warning"
          >
            Pendente
          </span>
        </div>
        <div>
          <div
            aria-label="Carros Alugados Ações"
            className="btn-group btn-group-sm"
            role="group"
          >
            <button
              className="btn btn-success"
              disabled={false}
              type="button"
            >
              Aceitar
            </button>
            <button
              className="btn btn-danger"
              disabled={false}
              type="button"
            >
              Recusar
            </button>
          </div>
        </div>
      </div>
      <div
        className="card-footer"
      >
        <small
          className="text-muted"
        >
          Período: 30/11/2019 - 03/12/2019
        </small>
      </div>
    </div>
  </div>,
  <div
    className="col-lg-4 col-md-4 col-12"
  >
    <div
      className="mt-3 card"
    >
      <img
        className="card-img-top"
        src="https://picsum.photos/500/500"
        style={
          Object {
            "height": "200px",
          }
        }
      />
      <div
        className="card-body"
      >
        <small>
          #
          1
        </small>
        <div
          className="card-title h5"
        >
          Ford Docus 3.0
        </div>
        <div>
          <i
            class="fas fa-user mr-2"
          />
          <b>
            Márcio Fernandez
          </b>
        </div>
        <div>
          <i
            class="fas fa-envelope mr-2"
          />
          <i>
            marcio@fernandez.com
          </i>
        </div>
        <div>
          <i
            class="fas fa-phone mr-2"
          />
          <small>
            69 9 8105-0108
          </small>
        </div>
        <div
          className="mb-1"
        >
          <span
            className="badge badge-dark"
          >
            Reservado
          </span>
        </div>
        <div>
          <div
            aria-label="Carros Alugados Ações"
            className="btn-group btn-group-sm"
            role="group"
          >
            <button
              className="btn btn-primary"
              disabled={false}
              type="button"
            >
              Fechar
            </button>
            <button
              className="btn btn-secondary"
              disabled={false}
              type="button"
            >
              Cancelar
            </button>
          </div>
        </div>
      </div>
      <div
        className="card-footer"
      >
        <small
          className="text-muted"
        >
          Período: 30/11/2019 - 03/12/2019
        </small>
      </div>
    </div>
  </div>,
]
`;
